Microchip MPLAB XC8 Compiler V2.32

Linker command line:

-W-3 --edf=E:\Programmoni\MPLAB_compilers\xc8\v2.32\pic\dat\en_msgs.txt -cn \
  -h+dist/default/debug\test_USART2.X.debug.sym \
  --cmf=dist/default/debug\test_USART2.X.debug.cmf -z -Q18F452 \
  -oC:\Users\giovanni\AppData\Local\Temp\xcAs384.4 --defsym=__MPLAB_BUILD=1 \
  -Mdist/default/debug/test_USART2.X.debug.map -E1 -ver=XC8 Compiler \
  --acfsm=1493 -ASTACK=080h-05FFh -pstack=STACK -ACODE=00h-03FFFhx2 \
  -ACONST=00h-07FFFh -ASMALLCONST=0600h-06FFhx122 \
  -AMEDIUMCONST=0600h-07FFFh -ACOMRAM=01h-07Fh -AABS1=00h-05FFh \
  -ABIGRAM=01h-05FFh -ARAM=080h-0FFh,0100h-01FFhx5 -ABANK0=080h-0FFh \
  -ABANK1=0100h-01FFh -ABANK2=0200h-02FFh -ABANK3=0300h-03FFh \
  -ABANK4=0400h-04FFh -ABANK5=0500h-05FFh -ASFR=0F80h-0FFFh \
  -ACONFIG=0300000h-030000Dh -AIDLOC=0200000h-0200007h \
  -AEEDATA=0F00000h-0F000FFh -peeprom_data=EEDATA \
  -preset_vec=00h,intcode=08h,intcodelo,powerup,init -pramtop=0600h \
  -psmallconst=SMALLCONST -pmediumconst=MEDIUMCONST -pconst=CONST \
  -AFARRAM=00h-00h \
  -prdata=COMRAM,nvrram=COMRAM,nvbit=COMRAM,rbss=COMRAM,rbit=COMRAM \
  -pfarbss=FARRAM,fardata=FARRAM,nvFARRAM=FARRAM \
  -pintsave_regs=BIGRAM,bigbss=BIGRAM,bigdata=BIGRAM -pbss=RAM \
  -pidata=CODE,irdata=CODE,ibigdata=CODE,ifardata=CODE -prparam=COMRAM \
  C:\Users\giovanni\AppData\Local\Temp\xcAs384.o \
  dist/default/debug\test_USART2.X.debug.o 

Object code version is 3.11

Machine type is 18F452



                Name                               Link     Load   Length Selector   Space Scale
C:\Users\giovanni\AppData\Local\Temp\xcAs384.o
                idloc                            200000   200000        8        0       5
                config                           300000   300000        E        0       4
                text                                2B8      2B8        2        4       0
                init                                 7C       7C        4        4       0
                reset_vec                             0        0        6        0       0
dist/default/debug\test_USART2.X.debug.o
                intcode                               8        8       74        4       0
                idloc                            200000   200000        8        0       5
                config                           300000   300000        E        0       4
                temp                                  D        D        1        1       1
                text4                               250      250       22        4       0
                text3                               272      272       20        4       0
                text2                               1AC      1AC       A4        4       0
                text1                               292      292       18        4       0
                text0                                80       80      12C        4       0
                cstackCOMRAM                          1        1        A        1       1
                bssCOMRAM                             B        B        2        1       1
                cinit                               2AA      2AA        E        4       0

TOTAL           Name                               Link     Load   Length     Space
        CLASS   STACK          

        CLASS   CODE           
                intcode                               8        8       74         0
                text                                2B8      2B8        2         0
                init                                 7C       7C        4         0
                reset_vec                             0        0        6         0
                text4                               250      250       22         0
                text3                               272      272       20         0
                text2                               1AC      1AC       A4         0
                text1                               292      292       18         0
                text0                                80       80      12C         0
                cinit                               2AA      2AA        E         0

        CLASS   CONST          

        CLASS   SMALLCONST     

        CLASS   MEDIUMCONST    

        CLASS   COMRAM         
                temp                                  D        D        1         1
                cstackCOMRAM                          1        1        A         1
                bssCOMRAM                             B        B        2         1

        CLASS   ABS1           

        CLASS   BIGRAM         

        CLASS   RAM            

        CLASS   BANK0          

        CLASS   BANK1          

        CLASS   BANK2          

        CLASS   BANK3          

        CLASS   BANK4          

        CLASS   BANK5          

        CLASS   SFR            

        CLASS   CONFIG         
                config                           300000   300000        E         4

        CLASS   IDLOC          
                idloc                            200000   200000        8         5

        CLASS   EEDATA         

        CLASS   FARRAM         



SEGMENTS        Name                           Load    Length   Top    Selector   Space  Class

                reset_vec                      000000  000006  000006         0       0  CODE    
                cstackCOMRAM                   000001  00000D  00000E         1       1  COMRAM  
                intcode                        000008  0002B2  0002BA         4       0  CODE    


UNUSED ADDRESS RANGES

        Name                Unused          Largest block    Delta
        BANK0            000080-0000FF               80
        BANK1            000100-0001FF              100
        BANK2            000200-0002FF              100
        BANK3            000300-0003FF              100
        BANK4            000400-0004FF              100
        BANK5            000500-0005FF              100
        BIGRAM           00000E-0005FF              5F2
        CODE             000006-000007                2
                         0002BA-007FFF             3D46
        COMRAM           00000E-00007F               72
        CONST            000006-000007                2
                         0002BA-007FFF             7D46
        EEDATA           F00000-F000FF              100
        MEDIUMCONST      000600-007FFF             7A00
        RAM              000080-0005FF              100
        SFR              000F80-000FFF               80
        SMALLCONST       000600-007FFF              100
        STACK            000080-0005FF              580

                                  Symbol Table

UART_start_comm@Rx_Data                                       cstackCOMRAM 000007
UART_start_comm@elapsed_time                                  cstackCOMRAM 000005
UART_start_comm@timeout                                       cstackCOMRAM 000003
UART_write@c                                                  cstackCOMRAM 000001
_INTCONbits                                                   (abs)        000FF2
_LATB                                                         (abs)        000F8A
_LATC                                                         (abs)        000F8B
_New_Char                                                     bssCOMRAM    00000B
_New_Char_Rx                                                  bssCOMRAM    00000C
_PIE1bits                                                     (abs)        000F9D
_PIR1bits                                                     (abs)        000F9E
_PORTB                                                        (abs)        000F81
_PORTBbits                                                    (abs)        000F81
_PORTC                                                        (abs)        000F82
_RCIE                                                         (abs)        007CED
_RCREG                                                        (abs)        000FAE
_RCSTAbits                                                    (abs)        000FAB
_RX_char_UART                                                 intcode      000008
_SPBRG                                                        (abs)        000FAF
_TRISB                                                        (abs)        000F93
_TRISC6                                                       (abs)        007CA6
_TRISC7                                                       (abs)        007CA7
_TXIE                                                         (abs)        007CEC
_TXREG                                                        (abs)        000FAD
_TXSTAbits                                                    (abs)        000FAC
_UART_init                                                    text4        000250
_UART_start_comm                                              text2        0001AC
_UART_write                                                   text3        000272
__HRAM                                                        (abs)        000000
__Habs1                                                       abs1         000000
__Hbank0                                                      bank0        000000
__Hbank1                                                      bank1        000000
__Hbank2                                                      bank2        000000
__Hbank3                                                      bank3        000000
__Hbank4                                                      bank4        000000
__Hbank5                                                      bank5        000000
__Hbigbss                                                     bigbss       000000
__Hbigdata                                                    bigdata      000000
__Hbigram                                                     bigram       000000
__Hbss                                                        bss          000000
__HbssCOMRAM                                                  bssCOMRAM    000000
__Hcinit                                                      cinit        000000
__Hclrtext                                                    clrtext      000000
__Hcomram                                                     comram       000000
__Hconfig                                                     config       30000E
__Hconst                                                      const        000000
__HcstackCOMRAM                                               cstackCOMRAM 000000
__Hdata                                                       data         000000
__Heeprom_data                                                eeprom_data  000000
__Hfarbss                                                     farbss       000000
__Hfardata                                                    fardata      000000
__Hibigdata                                                   ibigdata     000000
__Hidata                                                      idata        000000
__Hidloc                                                      idloc        200008
__Hifardata                                                   ifardata     000000
__Hinit                                                       init         000080
__Hintcode                                                    intcode      00007C
__Hintcode_body                                               intcode_body 000000
__Hintcodelo                                                  intcodelo    00007C
__Hintentry                                                   intentry     000000
__Hintret                                                     intret       000000
__Hintsave_regs                                               intsave_regs 000000
__Hirdata                                                     irdata       000000
__Hmediumconst                                                mediumconst  000000
__HnvFARRAM                                                   nvFARRAM     000000
__Hnvbit                                                      nvbit        000000
__Hnvrram                                                     nvrram       000000
__Hparam                                                      rparam       000000
__Hpowerup                                                    powerup      00007C
__Hram                                                        ram          000000
__Hramtop                                                     ramtop       000600
__Hrbit                                                       rbit         000000
__Hrbss                                                       rbss         000000
__Hrdata                                                      rdata        000000
__Hreset_vec                                                  reset_vec    000006
__Hrparam                                                     rparam       000000
__Hsfr                                                        sfr          000000
__Hsmallconst                                                 smallconst   000000
__Hspace_0                                                    (abs)        000600
__Hspace_1                                                    (abs)        00000E
__Hspace_2                                                    (abs)        000000
__Hspace_4                                                    (abs)        60000E
__Hstack                                                      stack        000000
__Hstruct                                                     struct       000000
__Htemp                                                       temp         00000E
__Htext                                                       text         000000
__Htext0                                                      text0        000000
__Htext1                                                      text1        000000
__Htext2                                                      text2        000000
__Htext3                                                      text3        000000
__Htext4                                                      text4        000000
__LRAM                                                        (abs)        000001
__Labs1                                                       abs1         000000
__Lbank0                                                      bank0        000000
__Lbank1                                                      bank1        000000
__Lbank2                                                      bank2        000000
__Lbank3                                                      bank3        000000
__Lbank4                                                      bank4        000000
__Lbank5                                                      bank5        000000
__Lbigbss                                                     bigbss       000000
__Lbigdata                                                    bigdata      000000
__Lbigram                                                     bigram       000000
__Lbss                                                        bss          000000
__LbssCOMRAM                                                  bssCOMRAM    000000
__Lcinit                                                      cinit        000000
__Lclrtext                                                    clrtext      000000
__Lcomram                                                     comram       000000
__Lconfig                                                     config       000000
__Lconst                                                      const        000000
__LcstackCOMRAM                                               cstackCOMRAM 000000
__Ldata                                                       data         000000
__Leeprom_data                                                eeprom_data  000000
__Lfarbss                                                     farbss       000000
__Lfardata                                                    fardata      000000
__Libigdata                                                   ibigdata     000000
__Lidata                                                      idata        000000
__Lidloc                                                      idloc        000000
__Lifardata                                                   ifardata     000000
__Linit                                                       init         00007C
__Lintcode                                                    intcode      000008
__Lintcode_body                                               intcode_body 000000
__Lintcodelo                                                  intcodelo    00007C
__Lintentry                                                   intentry     000000
__Lintret                                                     intret       000000
__Lintsave_regs                                               intsave_regs 000000
__Lirdata                                                     irdata       000000
__Lmediumconst                                                mediumconst  000000
__LnvFARRAM                                                   nvFARRAM     000000
__Lnvbit                                                      nvbit        000000
__Lnvrram                                                     nvrram       000000
__Lparam                                                      rparam       000000
__Lpowerup                                                    powerup      00007C
__Lram                                                        ram          000000
__Lramtop                                                     ramtop       000600
__Lrbit                                                       rbit         000000
__Lrbss                                                       rbss         000000
__Lrdata                                                      rdata        000000
__Lreset_vec                                                  reset_vec    000000
__Lrparam                                                     rparam       000000
__Lsfr                                                        sfr          000000
__Lsmallconst                                                 smallconst   000000
__Lspace_0                                                    (abs)        000000
__Lspace_1                                                    (abs)        000000
__Lspace_2                                                    (abs)        000000
__Lspace_4                                                    (abs)        000000
__Lstack                                                      stack        000000
__Lstruct                                                     struct       000000
__Ltemp                                                       temp         00000D
__Ltext                                                       text         000000
__Ltext0                                                      text0        000000
__Ltext1                                                      text1        000000
__Ltext2                                                      text2        000000
__Ltext3                                                      text3        000000
__Ltext4                                                      text4        000000
__S0                                                          (abs)        0002BA
__S1                                                          (abs)        00000E
__S2                                                          (abs)        000000
__S4                                                          (abs)        000000
__S5                                                          (abs)        000000
___inthi_sp                                                   stack        000000
___intlo_sp                                                   stack        000000
___param_bank                                                 (abs)        000000
___rparam_used                                                (abs)        000001
___sp                                                         stack        000000
__accesstop                                                   (abs)        000080
__activetblptr                                                (abs)        000000
__cntErrataNOP_C:\Users\giovanni\AppData\Local\Temp\xcAs384.o (abs)        000001
__cntErrataNOP_dist/default/debug\test_USART2.X.debug.o       (abs)        000041
__end_of_RX_char_UART                                         intcode      00007A
__end_of_UART_init                                            text4        000272
__end_of_UART_start_comm                                      text2        000250
__end_of_UART_write                                           text3        000292
__end_of__initialization                                      cinit        0002AE
__end_of_init_PORTS                                           text1        0002AA
__end_of_main                                                 text0        0001AC
__initialization                                              cinit        0002AA
__mediumconst                                                 mediumconst  000000
__pbssCOMRAM                                                  bssCOMRAM    00000B
__pcinit                                                      cinit        0002AA
__pcstackCOMRAM                                               cstackCOMRAM 000001
__pintcode                                                    intcode      000008
__ptext0                                                      text0        000080
__ptext1                                                      text1        000292
__ptext2                                                      text2        0001AC
__ptext3                                                      text3        000272
__ptext4                                                      text4        000250
__ramtop                                                      ramtop       000600
__size_of_RX_char_UART                                        (abs)        000000
__size_of_UART_init                                           (abs)        000000
__size_of_UART_start_comm                                     (abs)        000000
__size_of_UART_write                                          (abs)        000000
__size_of_init_PORTS                                          (abs)        000000
__size_of_main                                                (abs)        000000
__smallconst                                                  smallconst   000000
_init_PORTS                                                   text1        000292
_main                                                         text0        000080
btemp                                                         temp         00000D
end_of_initialization                                         cinit        0002AE
int$flags                                                     temp         00000D
intlevel0                                                     text         0002B8
intlevel1                                                     text         0002B8
intlevel2                                                     text         0002B8
intlevel3                                                     text         0002B8
isa$std                                                       (abs)        000001
isa$xinst                                                     (abs)        000000
main@button1state                                             cstackCOMRAM 000008
main@button2state                                             cstackCOMRAM 000009
main@button3state                                             cstackCOMRAM 00000A
stackhi                                                       (abs)        0005FF
stacklo                                                       (abs)        000080
start                                                         init         00007C
start_initialization                                          cinit        0002AA
ttemp5                                                        temp         00000E
ttemp6                                                        temp         000011
ttemp7                                                        temp         000015
wtemp8                                                        temp         00000E


MODULE INFORMATION

Module		Function		Class		Link	Load	Size
Usart.c
		_UART_init     		CODE           	0250	0000	34
		_UART_start_comm		CODE           	01AC	0000	164
		_UART_write    		CODE           	0272	0000	32

Usart.c estimated size: 230

shared
		__initialization		CODE           	02AA	0000	4

shared estimated size: 4

init_PIC.c
		_init_PORTS    		CODE           	0292	0000	24

init_PIC.c estimated size: 24

main.c
		_RX_char_UART  		CODE           	0008	0000	114
		_main          		CODE           	0080	0000	300

main.c estimated size: 414

